// Jest Snapshot v1, https://goo.gl/fbAQLP

exports[`Icon component should render the icon 1`] = `
.c0 {
  display: inline-block;
  vertical-align: middle;
  shape-rendering: inherit;
  -webkit-transform: translate3d(0,0,0);
  -ms-transform: translate3d(0,0,0);
  transform: translate3d(0,0,0);
}

.c1 {
  fill: currentColor;
}

<Component
  icon="email"
>
  <styled.svg
    block={false}
    height="20px"
    viewBox="0 0 1024 1024"
    width="20px"
  >
    <svg
      className="c0"
      height="20px"
      viewBox="0 0 1024 1024"
      width="20px"
    >
      <styled.path
        d="M960.032 268.004c0.748-10.040-2.246-20.364-9.226-28.684-5.984-7.132-13.938-11.62-22.394-13.394-0.13-0.026-0.268-0.066-0.396-0.092-1.082-0.22-2.172-0.376-3.272-0.5-0.25-0.032-0.492-0.080-0.742-0.102-1.028-0.096-2.052-0.136-3.090-0.156-0.292-0.002-0.582-0.042-0.876-0.042h-816.008c-21.416 0-38.848 16.844-39.898 38-0.034 0.628-0.092 1.256-0.096 1.89 0 0.034-0.006 0.074-0.006 0.114 0 0.050 0.008 0.102 0.008 0.152v495.692c0 0.054-0.008 0.106-0.008 0.156 0 22.090 17.91 40 40 40h816.004c13.808 0 25.98-6.996 33.17-17.636 0.1-0.148 0.182-0.312 0.28-0.458 0.606-0.93 1.196-1.868 1.722-2.84 0.046-0.082 0.080-0.172 0.124-0.258 2.992-5.604 4.704-12.008 4.704-18.804v0 0-493.038zM144.032 350.156l339.946 281.188c6.568 6.434 14.918 10.168 23.564 11.122 0.16 0.024 0.32 0.050 0.48 0.066 0.838 0.082 1.676 0.114 2.518 0.14 0.496 0.020 0.994 0.058 1.492 0.058s0.996-0.042 1.492-0.058c0.842-0.028 1.68-0.058 2.518-0.14 0.16-0.016 0.32-0.042 0.48-0.066 8.646-0.958 16.996-4.688 23.564-11.122l339.946-281.206v370.894h-736v-370.876zM215.066 305.030h593.91l-296.946 245.422-296.964-245.422z"
      >
        <path
          className="c1"
          d="M960.032 268.004c0.748-10.040-2.246-20.364-9.226-28.684-5.984-7.132-13.938-11.62-22.394-13.394-0.13-0.026-0.268-0.066-0.396-0.092-1.082-0.22-2.172-0.376-3.272-0.5-0.25-0.032-0.492-0.080-0.742-0.102-1.028-0.096-2.052-0.136-3.090-0.156-0.292-0.002-0.582-0.042-0.876-0.042h-816.008c-21.416 0-38.848 16.844-39.898 38-0.034 0.628-0.092 1.256-0.096 1.89 0 0.034-0.006 0.074-0.006 0.114 0 0.050 0.008 0.102 0.008 0.152v495.692c0 0.054-0.008 0.106-0.008 0.156 0 22.090 17.91 40 40 40h816.004c13.808 0 25.98-6.996 33.17-17.636 0.1-0.148 0.182-0.312 0.28-0.458 0.606-0.93 1.196-1.868 1.722-2.84 0.046-0.082 0.080-0.172 0.124-0.258 2.992-5.604 4.704-12.008 4.704-18.804v0 0-493.038zM144.032 350.156l339.946 281.188c6.568 6.434 14.918 10.168 23.564 11.122 0.16 0.024 0.32 0.050 0.48 0.066 0.838 0.082 1.676 0.114 2.518 0.14 0.496 0.020 0.994 0.058 1.492 0.058s0.996-0.042 1.492-0.058c0.842-0.028 1.68-0.058 2.518-0.14 0.16-0.016 0.32-0.042 0.48-0.066 8.646-0.958 16.996-4.688 23.564-11.122l339.946-281.206v370.894h-736v-370.876zM215.066 305.030h593.91l-296.946 245.422-296.964-245.422z"
        />
      </styled.path>
    </svg>
  </styled.svg>
</Component>
`;
